// Jest Snapshot v1, https://goo.gl/fbAQLP

exports[`Projects snapshot tests should match snapshot 1`] = `
<div
  className="projects"
>
  <Project
    height={310}
    info="Long polling restaurant app with integrated chat"
    key="Restaurant App"
    name="Restaurant App"
    repo="restaurant-app-with-chat-long-polling-server"
    width={496}
  />
  <Project
    height={310}
    info="Desktop client for restaurant app"
    key="Restaurant Client Desktop"
    name="Restaurant Client Desktop"
    repo="restaurant-app-with-chat-javaFx-desktop-app-3-designs-client"
    width={641.5652173913044}
  />
  <Project
    height={310}
    info="Chat app with websockets and spring"
    key="Chat App"
    name="Chat App"
    repo="chat-application-web-sockets-server"
    width={496}
  />
  <Project
    height={310}
    info="Chat app web application with React"
    key="Chat App Web"
    name="Chat App Web"
    repo="chat-application-client-react"
    width={496}
  />
  <Project
    height={310}
    info="Task app with graphql and react"
    key="Task App"
    name="Task App"
    repo="tasks-app-client-next"
    width={496}
  />
</div>
`;
