// Jest Snapshot v1, https://goo.gl/fbAQLP

exports[`Circles snapshot tests should match snapshot 1`] = `
<div
  className="circles"
>
  <div
    className="top-project-circles"
  >
    <Circle
      viewBoxUnit={129}
    />
    <Circle
      viewBoxUnit={129}
    />
  </div>
  <div
    className="top-left-circles"
  >
    <Circle
      viewBoxUnit={129}
    />
    <Circle
      viewBoxUnit={129}
    />
    <Circle
      viewBoxUnit={98}
    />
  </div>
  <div
    className="top-right-circles"
  >
    <Circle
      viewBoxUnit={129}
    />
    <Circle
      viewBoxUnit={129}
    />
    <Circle
      viewBoxUnit={129}
    />
  </div>
  <div
    className="top-spiral"
  >
    <Circle
      viewBoxUnit={129}
    />
    <Circle
      viewBoxUnit={129}
    />
    <Circle
      viewBoxUnit={129}
    />
    <Circle
      viewBoxUnit={129}
    />
    <Circle
      viewBoxUnit={129}
    />
    <Circle
      viewBoxUnit={129}
    />
  </div>
</div>
`;
