// Jest Snapshot v1, https://goo.gl/fbAQLP

exports[`Project snapshot tests should match snapshot 1`] = `
<div
  className="project"
>
  <div
    className="content"
  >
    <p
      className="name"
    />
    <div
      className="github-container"
    >
      <Github />
      <TabLink
        href="https://github.com/ivaylo9512/undefined"
        shouldMatch={true}
      >
        Github
      </TabLink>
    </div>
    <div
      className="info"
    >
      <Circle />
      <p />
    </div>
  </div>
  <div
    className="clip"
  >
    <Circle />
  </div>
  <Rect />
</div>
`;
