// Jest Snapshot v1, https://goo.gl/fbAQLP

exports[`App snapshot tests should match snapshot with isProjects to false 1`] = `
<div
  className="app projects-section"
  data-testid="app"
>
  <Header />
  <div
    className="transition-container"
  >
    <CvRoot />
    <ProjectsRoot />
  </div>
</div>
`;

exports[`App snapshot tests should match snapshot with isProjects to true 1`] = `
<div
  className="app projects-section"
  data-testid="app"
>
  <Header />
  <div
    className="transition-container"
  >
    <CvRoot />
    <ProjectsRoot />
  </div>
</div>
`;
