// Jest Snapshot v1, https://goo.gl/fbAQLP

exports[`MoreGithub snapshot tests should match snapshot 1`] = `
<div
  className="more-github"
>
  <div
    className="content"
  >
    <Rect
      height="89"
      width="328"
    />
    <TabLink
      href="https://github.com/ivaylo9512"
      shouldMatch={true}
    >
      <span>
        More on
      </span>
      <Github />
    </TabLink>
  </div>
</div>
`;
