// Jest Snapshot v1, https://goo.gl/fbAQLP

exports[`Technologies snapshot tests should match snapshot 1`] = `
<List
  className="technologies"
  data-style="first-style"
  name={<TechnologiesSvg />}
>
  <Technology
    icon={<React />}
    key="React"
    viewBox="129 129"
  />
  <Technology
    icon={<Spring />}
    key="Spring"
    viewBox="129 129"
  />
  <Technology
    icon={<Aws />}
    key="Aws"
    viewBox="129 129"
  />
  <Technology
    icon={<Jenkins />}
    key="Jenkins"
    viewBox="129 129"
  />
  <Technology
    icon={<Redux />}
    key="Redux"
    viewBox="129 129"
  />
  <Technology
    icon={<Angular />}
    key="Angular"
    viewBox="129 129"
  />
  <Technology
    icon={<Ws />}
    key="Ws"
    viewBox="129 129"
  />
  <Technology
    icon={<Angular />}
    key="Angular"
    viewBox="129 129"
  />
  <Technology
    icon={<Typescript />}
    key="Typescript"
    viewBox="129 129"
  />
  <Technology
    icon={<Graphql />}
    key="Graphql"
    viewBox="129 129"
  />
  <Technology
    icon={<Angular />}
    key="Angular"
    viewBox="129 129"
  />
  <Technology
    icon={<Angular />}
    key="Angular"
    viewBox="129 129"
  />
  <div
    className="names"
  >
    <div>
      <Orm />
    </div>
    <div>
      <Express />
    </div>
    <div>
      <Pgres />
    </div>
    <div>
      <NodeJs />
    </div>
    <div>
      <NextJs />
    </div>
    <div>
      <Docker />
    </div>
    <div>
      <Jest />
    </div>
    <div>
      <Sass />
    </div>
  </div>
</List>
`;
