// Jest Snapshot v1, https://goo.gl/fbAQLP

exports[`Background snapshot tests should match snapshot 1`] = `
<div
  className="background"
>
  <Circles />
  <MidLogo />
  <div
    className="react-icons"
  >
    <React />
    <React />
    <React />
  </div>
  <div
    className="letters bottom"
  >
    <X />
    <O />
  </div>
  <div
    className="letters project"
  >
    <div>
      <X />
      <O />
    </div>
    <div>
      <X />
      <O />
    </div>
  </div>
</div>
`;
