// Jest Snapshot v1, https://goo.gl/fbAQLP

exports[`Technologies snapshot tests should match snapshot 1`] = `
<List
  className="technologies"
  name={<TechnologiesSvg />}
>
  <Technology
    icon={<React />}
  />
  <Technology
    icon={<Spring />}
  />
  <Technology
    icon={<Aws />}
  />
  <Technology
    icon={<Angular />}
  />
  <Technology
    icon={<Redux />}
  />
  <Technology
    icon={<Angular />}
  />
  <Technology
    icon={<Ws />}
  />
  <Technology
    icon={<Angular />}
  />
  <Technology
    icon={<Typescript />}
  />
  <Technology
    icon={<Graphql />}
  />
  <Technology
    icon={<Angular />}
  />
  <Technology
    icon={<Angular />}
  />
  <div
    className="names"
  >
    <div>
      <Orm />
    </div>
    <div>
      <Express />
    </div>
    <div>
      <Pgres />
    </div>
    <div>
      <NodeJs />
    </div>
    <div>
      <NextJs />
    </div>
    <div>
      <Docker />
    </div>
    <div>
      <Jest />
    </div>
    <div>
      <Sass />
    </div>
  </div>
</List>
`;
