// Jest Snapshot v1, https://goo.gl/fbAQLP

exports[`FiltersRoot snapshot tests should match snapshot 1`] = `
<svg
  className="svg-root"
  xmlns="http://www.w3.org/2000/svg"
  xmlnsXlink="http://www.w3.org/1999/xlink"
>
  <defs>
    <ShapeShadow />
    <CircleShadow />
    <DotShadow />
    <RectangleWhite />
    <NameShadow />
    <ShapeShadow />
  </defs>
</svg>
`;
