// Jest Snapshot v1, https://goo.gl/fbAQLP

exports[`CvRoot snapshot tests should match snapshot 1`] = `
<section
  className="cv first-style"
>
  <div
    className="translate-wrapper"
  >
    <FiltersRoot />
    <Info />
    <Background />
    <div
      className="panels"
    >
      <LeftPanel />
      <RightPanel />
    </div>
  </div>
</section>
`;
