// Jest Snapshot v1, https://goo.gl/fbAQLP

exports[`Circles snapshot tests should match snapshot 1`] = `
<div
  className="circles"
>
  <Circle
    fill="black"
  />
  <Circle
    fill="black"
  />
  <Circle
    fill="black"
  />
  <Circle
    fill="black"
  />
  <Circle
    fill="black"
  />
  <Circle
    fill="black"
  />
  <Circle
    fill="white"
  />
  <Circle
    fill="black"
  />
  <Circle
    fill="white"
  />
  <Circle
    fill="black"
  />
  <Circle
    fill="black"
  />
  <Circle
    fill="black"
  />
  <Circle
    fill="black"
  />
  <Circle
    fill="black"
  />
  <Circle
    fill="black"
  />
  <Circle
    fill="black"
  />
  <Circle
    fill="red"
  />
  <Circle
    fill="black"
  />
  <Circle
    fill="black"
  />
  <Circle
    fill="black"
  />
  <Circle
    fill="black"
  />
  <Circle
    fill="black"
  />
  <Circle
    fill="black"
  />
  <Circle
    fill="black"
  />
  <Circle
    fill="red"
  />
  <Circle
    fill="red"
  />
  <Circle
    fill="red"
  />
  <Circle
    fill="black"
  />
  <Circle
    fill="black"
  />
  <Circle
    fill="black"
  />
  <Circle
    fill="black"
  />
  <Circle
    fill="black"
  />
</div>
`;
